// Vitest Snapshot v1, https://vitest.dev/guide/snapshot.html

exports[`COMMAND_MAP — reference metadata > keeps every canonical command and alias stable 1`] = `
{
  "aliases": {
    "a": "audit",
    "ad": "adopt",
    "bh": "behavior",
    "blr": "backlogrun",
    "bp": "bump",
    "by": "bytes",
    "c": "check",
    "dr": "doctor",
    "eu": "exports:unused",
    "ev": "eval",
    "f": "format",
    "g": "git",
    "ga": "gate",
    "gp": "pr",
    "i": "init",
    "l": "lint",
    "lc": "latest:corepack",
    "lli": "lane:limit",
    "ln": "lines",
    "lr": "lint:related",
    "lsm": "lane:sample",
    "lst": "lane:stats",
    "lu": "latest:update",
    "mm": "main:merge",
    "ms": "main:sync",
    "mt": "metrics",
    "ov": "overrides",
    "pf": "profile",
    "pg": "propagate",
    "pt": "port",
    "r": "ranges",
    "rc": "ruleset:check",
    "re": "release",
    "rmi": "registry:migrate",
    "rt": "reconcile-templates",
    "rtr": "retrospective",
    "ruv": "rule:value",
    "rvf": "review:findings",
    "sd": "cspell:dot",
    "st": "start",
    "sy": "sync",
    "t": "test",
    "td": "test:declared",
    "te": "test:e2e",
    "tm": "time",
    "tmd": "time:density",
    "tr": "test:related",
    "trd": "test:red",
    "tu": "test:unit",
    "u": "latest",
    "v": "version",
  },
  "references": {
    "adopt": [
      "[--dry-run]",
      "developer",
      [
        "files",
        "git",
        "network",
        "processes",
      ],
    ],
    "audit": [
      "",
      "developer",
      [
        "processes",
      ],
    ],
    "audit:provision": [
      "",
      "automation",
      [
        "files",
        "network",
      ],
    ],
    "auto-ok:next": [
      "[--exclude <n>[,<n>...]] [--label <name>]",
      "automation",
      [
        "network",
      ],
    ],
    "backlog:budget": [
      "[options]",
      "automation",
      [
        "none",
      ],
    ],
    "backlog:drive": [
      "--owner <pid> [options]",
      "automation",
      [
        "network",
      ],
    ],
    "backlog:next": [
      "[--exclude <n>[,<n>...]] [--repo <owner/repo>]",
      "automation",
      [
        "network",
      ],
    ],
    "backlog:offer": [
      "[options]",
      "automation",
      [
        "files",
        "network",
        "processes",
      ],
    ],
    "backlog:plan": [
      "[issue...] [--only] [--waves] [--exclude <n>[,<n>...]]",
      "automation",
      [
        "network",
      ],
    ],
    "backlog:stalled": [
      "",
      "automation",
      [
        "network",
      ],
    ],
    "backlogrun": [
      "[#<n>...] [--only] [--max <n>] [--idle <minutes>] [--agent claude|codex]",
      "developer",
      [
        "files",
        "network",
        "processes",
      ],
    ],
    "batch:guard": [
      "",
      "automation",
      [
        "none",
      ],
    ],
    "behavior": [
      "",
      "developer",
      [
        "files",
      ],
    ],
    "bump": [
      "[major|minor|patch]",
      "maintainer",
      [
        "files",
      ],
    ],
    "bytes": [
      "<files...>",
      "developer",
      [
        "none",
      ],
    ],
    "cases": [
      "<path...>",
      "automation",
      [
        "files",
      ],
    ],
    "check": [
      "[arguments...]",
      "developer",
      [
        "processes",
      ],
    ],
    "check-commit-message": [
      "[<message-file>]",
      "automation",
      [
        "none",
      ],
    ],
    "clone:scan": [
      "",
      "automation",
      [
        "files",
      ],
    ],
    "codex:hook-adapter": [
      "<pretool|posttool>",
      "automation",
      [
        "none",
      ],
    ],
    "cost": [
      "(--cut | --over <tokens-per-request>) [--path <dir>]",
      "automation",
      [
        "none",
      ],
    ],
    "cspell:dot": [
      "",
      "developer",
      [
        "processes",
      ],
    ],
    "defect:rate": [
      "[--days <n>]",
      "automation",
      [
        "network",
      ],
    ],
    "delegate": [
      "<step> | --list",
      "automation",
      [
        "none",
      ],
    ],
    "disposition": [
      "<path...>",
      "automation",
      [
        "none",
      ],
    ],
    "doc:read": [
      "<file>",
      "automation",
      [
        "none",
      ],
    ],
    "doc:section": [
      "<file> <heading>",
      "automation",
      [
        "none",
      ],
    ],
    "doctor": [
      "[--fix]",
      "developer",
      [
        "files",
      ],
    ],
    "dogfood:commit": [
      "<dir>",
      "automation",
      [
        "files",
        "git",
      ],
    ],
    "duplicate-read:guard": [
      "",
      "automation",
      [
        "none",
      ],
    ],
    "e2e:retry-check": [
      "",
      "automation",
      [
        "none",
      ],
    ],
    "edit:files": [
      "<plan-path | ->",
      "automation",
      [
        "none",
      ],
    ],
    "epic": [
      "<title> <issue...> [--ordered]",
      "automation",
      [
        "network",
      ],
    ],
    "epic:audit": [
      "<epic>",
      "automation",
      [
        "network",
      ],
    ],
    "epic:bundle": [
      "<issue>",
      "automation",
      [
        "network",
      ],
    ],
    "epic:check": [
      "<epic>",
      "automation",
      [
        "network",
      ],
    ],
    "epic:next": [
      "<epic>... [--repo <owner/repo>] [--lanes]",
      "automation",
      [
        "network",
      ],
    ],
    "eval": [
      "[scenario...]",
      "maintainer",
      [
        "processes",
        "network",
      ],
    ],
    "exports:unused": [
      "",
      "developer",
      [
        "none",
      ],
    ],
    "fanout": [
      "<unit-files> <unit-files> [<unit-files> …]",
      "automation",
      [
        "none",
      ],
    ],
    "followup": [
      "<title> [--notify-message <text>]",
      "automation",
      [
        "git",
        "network",
        "notifications",
      ],
    ],
    "format": [
      "",
      "developer",
      [
        "files",
        "processes",
      ],
    ],
    "format:edited": [
      "",
      "automation",
      [
        "files",
        "processes",
      ],
    ],
    "gate": [
      "[--verbose|--force|--no-unit]",
      "developer",
      [
        "files",
        "processes",
      ],
    ],
    "git": [
      "[-y] <message>",
      "developer",
      [
        "git",
        "network",
      ],
    ],
    "init": [
      "[--profile basic|full] [--no-install]",
      "developer",
      [
        "files",
        "network",
        "processes",
      ],
    ],
    "investigation:guard": [
      "",
      "automation",
      [
        "none",
      ],
    ],
    "issue:backlinks": [
      "<issue>",
      "automation",
      [
        "network",
      ],
    ],
    "issue:cite": [
      "<issue...> [--repo <owner/repo>]",
      "automation",
      [
        "network",
      ],
    ],
    "issue:comment": [
      "<issue> --body <text> | --body-file <path>",
      "automation",
      [
        "network",
      ],
    ],
    "issue:file": [
      "<title> --body-file <path> --depth <0|1|2> [--route <route>] [--label <name>] [--repo <owner/repo>] [--distinct <N,…>] [--over-cap] [--no-auto-ok] [--requested] [--release]",
      "automation",
      [
        "network",
      ],
    ],
    "issue:fold": [
      "<title>... [--not-separable] [--json]",
      "automation",
      [
        "none",
      ],
    ],
    "issue:fold-existing": [
      "<assessment.json> [--json]",
      "automation",
      [
        "none",
      ],
    ],
    "issue:lint": [
      "<path>",
      "automation",
      [
        "files",
      ],
    ],
    "issue:read": [
      "<issue...>",
      "automation",
      [
        "network",
      ],
    ],
    "issue:release": [
      "<issue>",
      "automation",
      [
        "network",
      ],
    ],
    "issue:scout": [
      "<title> [--body <summary> | --body-file <path>]",
      "automation",
      [
        "network",
      ],
    ],
    "issue:state": [
      "<issue...> [--repo <owner/repo>]",
      "automation",
      [
        "network",
      ],
    ],
    "lane:await": [
      "<issue> [<issue>...] [--owner <pid>]",
      "automation",
      [
        "files",
        "processes",
      ],
    ],
    "lane:close": [
      "<issue>",
      "automation",
      [
        "files",
        "git",
      ],
    ],
    "lane:dispatch": [
      "<issue> <prompt>",
      "automation",
      [
        "processes",
      ],
    ],
    "lane:launch": [
      "<issue> [--stash <message>]",
      "automation",
      [
        "files",
        "git",
        "processes",
      ],
    ],
    "lane:limit": [
      "[<limit>] [--reset]",
      "developer",
      [
        "files",
      ],
    ],
    "lane:list": [
      "",
      "automation",
      [
        "none",
      ],
    ],
    "lane:open": [
      "<issue> [options]",
      "automation",
      [
        "files",
        "git",
      ],
    ],
    "lane:output": [
      "<issue> [path]",
      "automation",
      [
        "files",
      ],
    ],
    "lane:prune": [
      "",
      "automation",
      [
        "files",
        "git",
      ],
    ],
    "lane:sample": [
      "[--every <seconds>]",
      "maintainer",
      [
        "files",
      ],
    ],
    "lane:stats": [
      "--period <days> [--limit <lane-limit>]",
      "maintainer",
      [
        "none",
      ],
    ],
    "latest": [
      "",
      "developer",
      [
        "files",
        "network",
        "processes",
      ],
    ],
    "latest:corepack": [
      "",
      "developer",
      [
        "files",
        "network",
      ],
    ],
    "latest:guard": [
      "",
      "automation",
      [
        "files",
      ],
    ],
    "latest:scope": [
      "[--record] [--json]",
      "automation",
      [
        "files",
      ],
    ],
    "latest:update": [
      "",
      "developer",
      [
        "files",
        "network",
      ],
    ],
    "lines": [
      "<files...>",
      "developer",
      [
        "none",
      ],
    ],
    "lint": [
      "",
      "developer",
      [
        "processes",
      ],
    ],
    "lint:related": [
      "[files...]",
      "developer",
      [
        "processes",
      ],
    ],
    "main:merge": [
      "",
      "developer",
      [
        "git",
        "network",
      ],
    ],
    "main:sync": [
      "",
      "developer",
      [
        "git",
        "network",
      ],
    ],
    "measure:rerun": [
      "<issue-number>",
      "automation",
      [
        "network",
        "processes",
        "files",
      ],
    ],
    "metrics": [
      "[--no-startup | --totals-only | --accept --reason "<why>"]",
      "developer",
      [
        "files",
      ],
    ],
    "notify": [
      "[--task-type <type>] [--body <text> | --body-file <path>] [--issue-url <url>] [--pr-url <url>] [--issue-title <text>] [--repo-name <name>]",
      "automation",
      [
        "notifications",
      ],
    ],
    "observation:record": [
      "<key> <depth> <where> <what> [--checkout <path>]",
      "automation",
      [
        "files",
      ],
    ],
    "observations:flush": [
      "",
      "automation",
      [
        "git",
        "network",
      ],
    ],
    "oracle:list": [
      "",
      "automation",
      [
        "none",
      ],
    ],
    "overrides": [
      "[--save]",
      "developer",
      [
        "files",
      ],
    ],
    "pkg:scout": [
      "<keywords> [--size <n>]",
      "automation",
      [
        "network",
      ],
    ],
    "port": [
      "<dev|preview>",
      "developer",
      [
        "none",
      ],
    ],
    "pr": [
      "<message>",
      "developer",
      [
        "network",
      ],
    ],
    "pr:classification": [
      "",
      "automation",
      [
        "none",
      ],
    ],
    "pre-commit-type-check": [
      "",
      "automation",
      [
        "processes",
      ],
    ],
    "pre-push-unit": [
      "",
      "automation",
      [
        "processes",
      ],
    ],
    "pretool:guard": [
      "",
      "automation",
      [
        "none",
      ],
    ],
    "prevent-main-commit": [
      "",
      "automation",
      [
        "none",
      ],
    ],
    "profile": [
      "[--profile basic|full]",
      "developer",
      [
        "files",
      ],
    ],
    "propagate": [
      "[--dry-run] [--skip-publish-wait] [--target <repo>]",
      "maintainer",
      [
        "files",
        "network",
      ],
    ],
    "ranges": [
      "",
      "developer",
      [
        "network",
      ],
    ],
    "read:files": [
      "<path> [<path> ...]",
      "automation",
      [
        "none",
      ],
    ],
    "read:set": [
      "[<entry>] [--json]",
      "automation",
      [
        "none",
      ],
    ],
    "reconcile-templates": [
      "",
      "maintainer",
      [
        "files",
      ],
    ],
    "refactor:scan": [
      "",
      "automation",
      [
        "processes",
      ],
    ],
    "registry:migrate": [
      "",
      "developer",
      [
        "files",
        "network",
        "processes",
      ],
    ],
    "release": [
      "[--dry-run]",
      "maintainer",
      [
        "git",
        "network",
        "release",
      ],
    ],
    "release:github": [
      "",
      "automation",
      [
        "network",
        "release",
      ],
    ],
    "release:scope": [
      "[--json]",
      "automation",
      [
        "none",
      ],
    ],
    "repo:party": [
      "[<owner/repo>]",
      "automation",
      [
        "none",
      ],
    ],
    "report:lint": [
      "(reads stdin)",
      "automation",
      [
        "none",
      ],
    ],
    "reserved-run": [
      "<weight> -- <command...>",
      "automation",
      [
        "processes",
      ],
    ],
    "retrospective": [
      "",
      "maintainer",
      [
        "none",
      ],
    ],
    "review:attest": [
      "<nonce> | --check",
      "automation",
      [
        "files",
      ],
    ],
    "review:brief": [
      "[--round <1|2>] | --level-only [--staged] [--json]",
      "automation",
      [
        "files",
      ],
    ],
    "review:findings": [
      "",
      "developer",
      [
        "files",
      ],
    ],
    "review:record": [
      "--issue <N> [--comment] [<category>:<severity>:<file> ...] | --check --issue <N>",
      "automation",
      [
        "files",
        "network",
      ],
    ],
    "review:round2": [
      "[--round-1-closed] [--json]",
      "automation",
      [
        "none",
      ],
    ],
    "rule:guard": [
      "",
      "automation",
      [
        "none",
      ],
    ],
    "rule:list": [
      "",
      "automation",
      [
        "none",
      ],
    ],
    "rule:value": [
      "[--refresh]",
      "developer",
      [
        "files",
      ],
    ],
    "ruleset:check": [
      "[--apply]",
      "maintainer",
      [
        "network",
      ],
    ],
    "run:add": [
      "<issue...> [--no-priority]",
      "automation",
      [
        "network",
        "files",
      ],
    ],
    "run:board": [
      "[--once | --chat | --every <minutes>]",
      "automation",
      [
        "files",
        "network",
      ],
    ],
    "run:carry": [
      "<operation> [arguments...]",
      "automation",
      [
        "files",
      ],
    ],
    "run:cut": [
      "[--resume] <issue> [--impl] [--handoff <path>]",
      "automation",
      [
        "files",
      ],
    ],
    "run:ending": [
      "<issue> --output <path> [--repo <owner/repo>]",
      "automation",
      [
        "network",
      ],
    ],
    "run:entry": [
      "<issue> [--to <command>]",
      "automation",
      [
        "git",
        "network",
        "files",
      ],
    ],
    "run:event": [
      "--append <kind> <text> | --from|--follow <n> | --watch [<n>] | --last",
      "automation",
      [
        "files",
      ],
    ],
    "run:hold": [
      "[<issue> [--fullrun | --halfrun-stop | --prrun-stop]]",
      "automation",
      [
        "files",
      ],
    ],
    "run:liveness": [
      "<issue> --output <path> [options]",
      "automation",
      [
        "processes",
      ],
    ],
    "run:merge": [
      "<issue> [options]",
      "automation",
      [
        "git",
        "network",
      ],
    ],
    "run:next": [
      "<issue>",
      "automation",
      [
        "network",
      ],
    ],
    "run:prep": [
      "<issue>",
      "automation",
      [
        "network",
      ],
    ],
    "run:progress": [
      "[--once | --wait] [--interval <minutes>] [--hours <hours>] [--repo <owner/repo>] [--output <path>] | --mark | --path",
      "automation",
      [
        "files",
      ],
    ],
    "run:release": [
      "[issue|--force]",
      "automation",
      [
        "files",
      ],
    ],
    "run:report": [
      "",
      "automation",
      [
        "files",
        "network",
      ],
    ],
    "run:review": [
      "[--join]",
      "automation",
      [
        "processes",
        "files",
      ],
    ],
    "run:status": [
      "<issue> [--repo <owner/repo>]",
      "automation",
      [
        "network",
      ],
    ],
    "run:step": [
      "<issue>",
      "automation",
      [
        "network",
        "files",
      ],
    ],
    "run:stranded": [
      "",
      "automation",
      [
        "processes",
        "notifications",
      ],
    ],
    "run:tail": [
      "[<issue> ...]",
      "automation",
      [
        "git",
        "network",
      ],
    ],
    "run:tidy": [
      "",
      "automation",
      [
        "git",
        "network",
        "files",
      ],
    ],
    "run:wake": [
      "[options]",
      "automation",
      [
        "processes",
        "notifications",
      ],
    ],
    "run:watcher:guard": [
      "",
      "automation",
      [
        "none",
      ],
    ],
    "secretlint-scan": [
      "[paths...]",
      "automation",
      [
        "none",
      ],
    ],
    "session:lang": [
      "",
      "automation",
      [
        "none",
      ],
    ],
    "ship": [
      ""<title> #<N>" [<follow-up-N> ...] [--cite <N>] [--review] [--detach] [--body-file <path>] [--notify-message <text> | --notify-message-file <path>] | --log <N>",
      "automation",
      [
        "git",
        "network",
      ],
    ],
    "sonar:hotspots": [
      "<PR>",
      "automation",
      [
        "network",
      ],
    ],
    "sonar:new-code": [
      "<PR>",
      "automation",
      [
        "network",
      ],
    ],
    "split:assess": [
      "[--json]",
      "automation",
      [
        "none",
      ],
    ],
    "start": [
      "[--profile basic|full] [--yes] [--github] [--public] [--init-command <command>]",
      "developer",
      [
        "files",
        "git",
        "network",
        "processes",
      ],
    ],
    "stash:pop": [
      "<message>",
      "automation",
      [
        "git",
      ],
    ],
    "stop:guard": [
      "",
      "automation",
      [
        "none",
      ],
    ],
    "sync": [
      "",
      "developer",
      [
        "files",
      ],
    ],
    "sync:scope": [
      "[--staged] [--json]",
      "automation",
      [
        "none",
      ],
    ],
    "test": [
      "",
      "developer",
      [
        "processes",
      ],
    ],
    "test:declared": [
      "[--match]",
      "developer",
      [
        "processes",
      ],
    ],
    "test:e2e": [
      "[filters...]",
      "developer",
      [
        "processes",
      ],
    ],
    "test:red": [
      "",
      "developer",
      [
        "git",
        "processes",
      ],
    ],
    "test:related": [
      "[files...]",
      "developer",
      [
        "processes",
      ],
    ],
    "test:unit": [
      "[filters...]",
      "developer",
      [
        "processes",
      ],
    ],
    "time": [
      "[options]",
      "maintainer",
      [
        "none",
      ],
    ],
    "time:density": [
      "[--lanes <n>] [--path <dir>]",
      "maintainer",
      [
        "none",
      ],
    ],
    "ui:routes": [
      "[--staged]",
      "automation",
      [
        "none",
      ],
    ],
    "version": [
      "[--upgrade]",
      "developer",
      [
        "files",
        "network",
        "processes",
      ],
    ],
  },
}
`;
